
> client@0.0.0 build
> vite build

[36mvite v8.0.9 [32mbuilding client environment for production...[36m[39m
[2K
transforming...Γ£ô 544 modules transformed.
node.exe : [31mΓ£ù[39m Build failed in 505ms
At line:1 char:1
+ & "C:\Program Files\nodejs/node.exe" "C:\Program Files\nodejs/node_mo ...
+ ~~~~~~~~~~~~~~~~~~~~~~~~~~~~~~~~~~~~~~~~~~~~~~~~~~~~~~~~~~~~~~~~~~~~~
    + CategoryInfo          : NotSpecified: ([31mΓ£ù[39m Build failed in 505ms:String) [], RemoteException
    + FullyQualifiedErrorId : NativeCommandError
 
[31merror during build:
[31mBuild failed with 7 errors:

[31m[UNRESOLVED_IMPORT] Error:[0m Could not resolve './AdmissionsFAQ.module.css' in 
src/pages/public/admissions/sections/AdmissionsFAQ.jsx
   [38;5;246mΓò¡[0m[38;5;246mΓöÇ[0m[38;5;246m[[0m src/pages/public/admissions/sections/AdmissionsFAQ.jsx:5:20 
[38;5;246m][0m
   [38;5;246mΓöé[0m
 [38;5;246m5 Γöé[0m 
[38;5;249mi[0m[38;5;249mm[0m[38;5;249mp[0m[38;5;249mo[0m[38;5;249mr[0m[38;5;249mt[0m[38;5;249m 
[0m[38;5;249ms[0m[38;5;249mt[0m[38;5;249my[0m[38;5;249ml[0m[38;5;249me[0m[38;5;249ms[0m[38;5;249m 
[0m[38;5;249mf[0m[38;5;249mr[0m[38;5;249mo[0m[38;5;249mm[0m[38;5;249m 
[0m"./AdmissionsFAQ.module.css"[38;5;249m;[0m
 [38;5;240m  Γöé[0m                    
ΓöÇΓöÇΓöÇΓöÇΓöÇΓöÇΓöÇΓöÇΓöÇΓöÇΓöÇΓöÇΓöÇΓöÇΓö¼ΓöÇΓöÇΓöÇΓöÇΓöÇΓöÇΓöÇΓöÇΓöÇΓöÇΓöÇΓöÇΓöÇ  
 [38;5;240m  Γöé[0m                                  Γò░ΓöÇΓöÇΓöÇΓöÇΓöÇΓöÇΓöÇΓöÇΓöÇΓöÇΓöÇΓöÇΓöÇΓöÇΓöÇ Module not 
found.
 [38;5;240m  Γöé[0m 
 [38;5;240m  Γöé[0m [38;5;115mHelp[0m: 'src/pages/public/admissions/sections/AdmissionsFAQ.jsx' is imported by the 
following path:
 [38;5;240m  Γöé[0m         - src/pages/public/admissions/sections/AdmissionsFAQ.jsx
 [38;5;240m  Γöé[0m         - src/pages/public/admissions/AdmissionsPage.jsx
 [38;5;240m  Γöé[0m         - src/routes/AppRouter.jsx
 [38;5;240m  Γöé[0m         - src/main.jsx
 [38;5;240m  Γöé[0m         - index.html
[38;5;246mΓöÇΓöÇΓöÇΓò»[0m

[31m[UNRESOLVED_IMPORT] Error:[0m Could not resolve './ApplySteps.module.css' in 
src/pages/public/admissions/sections/ApplySteps.jsx
   [38;5;246mΓò¡[0m[38;5;246mΓöÇ[0m[38;5;246m[[0m src/pages/public/admissions/sections/ApplySteps.jsx:5:20 
[38;5;246m][0m
   [38;5;246mΓöé[0m
 [38;5;246m5 Γöé[0m 
[38;5;249mi[0m[38;5;249mm[0m[38;5;249mp[0m[38;5;249mo[0m[38;5;249mr[0m[38;5;249mt[0m[38;5;249m 
[0m[38;5;249ms[0m[38;5;249mt[0m[38;5;249my[0m[38;5;249ml[0m[38;5;249me[0m[38;5;249ms[0m[38;5;249m 
[0m[38;5;249mf[0m[38;5;249mr[0m[38;5;249mo[0m[38;5;249mm[0m[38;5;249m 
[0m"./ApplySteps.module.css"[38;5;249m;[0m
 [38;5;240m  Γöé[0m                    ΓöÇΓöÇΓöÇΓöÇΓöÇΓöÇΓöÇΓöÇΓöÇΓöÇΓöÇΓöÇΓö¼ΓöÇΓöÇΓöÇΓöÇΓöÇΓöÇΓöÇΓöÇΓöÇΓöÇΓöÇΓöÇ  
 [38;5;240m  Γöé[0m                                Γò░ΓöÇΓöÇΓöÇΓöÇΓöÇΓöÇΓöÇΓöÇΓöÇΓöÇΓöÇΓöÇΓöÇΓöÇ Module not found.
 [38;5;240m  Γöé[0m 
 [38;5;240m  Γöé[0m [38;5;115mHelp[0m: 'src/pages/public/admissions/sections/ApplySteps.jsx' is imported by the 
following path:
 [38;5;240m  Γöé[0m         - src/pages/public/admissions/sections/ApplySteps.jsx
 [38;5;240m  Γöé[0m         - src/pages/public/admissions/AdmissionsPage.jsx
 [38;5;240m  Γöé[0m         - src/routes/AppRouter.jsx
 [38;5;240m  Γöé[0m         - src/main.jsx
 [38;5;240m  Γöé[0m         - index.html
[38;5;246mΓöÇΓöÇΓöÇΓò»[0m

[31m[UNRESOLVED_IMPORT] Error:[0m Could not resolve './Requirements.module.css' in 
src/pages/public/admissions/sections/Requirements.jsx
   [38;5;246mΓò¡[0m[38;5;246mΓöÇ[0m[38;5;246m[[0m src/pages/public/admissions/sections/Requirements.jsx:5:20 
[38;5;246m][0m
   [38;5;246mΓöé[0m
 [38;5;246m5 Γöé[0m 
[38;5;249mi[0m[38;5;249mm[0m[38;5;249mp[0m[38;5;249mo[0m[38;5;249mr[0m[38;5;249mt[0m[38;5;249m 
[0m[38;5;249ms[0m[38;5;249mt[0m[38;5;249my[0m[38;5;249ml[0m[38;5;249me[0m[38;5;249ms[0m[38;5;249m 
[0m[38;5;249mf[0m[38;5;249mr[0m[38;5;249mo[0m[38;5;249mm[0m[38;5;249m 
[0m"./Requirements.module.css"[38;5;249m;[0m
 [38;5;240m  Γöé[0m                    
ΓöÇΓöÇΓöÇΓöÇΓöÇΓöÇΓöÇΓöÇΓöÇΓöÇΓöÇΓöÇΓöÇΓö¼ΓöÇΓöÇΓöÇΓöÇΓöÇΓöÇΓöÇΓöÇΓöÇΓöÇΓöÇΓöÇΓöÇ  
 [38;5;240m  Γöé[0m                                 Γò░ΓöÇΓöÇΓöÇΓöÇΓöÇΓöÇΓöÇΓöÇΓöÇΓöÇΓöÇΓöÇΓöÇΓöÇΓöÇ Module not 
found.
 [38;5;240m  Γöé[0m 
 [38;5;240m  Γöé[0m [38;5;115mHelp[0m: 'src/pages/public/admissions/sections/Requirements.jsx' is imported by the 
following path:
 [38;5;240m  Γöé[0m         - src/pages/public/admissions/sections/Requirements.jsx
 [38;5;240m  Γöé[0m         - src/pages/public/admissions/AdmissionsPage.jsx
 [38;5;240m  Γöé[0m         - src/routes/AppRouter.jsx
 [38;5;240m  Γöé[0m         - src/main.jsx
 [38;5;240m  Γöé[0m         - index.html
[38;5;246mΓöÇΓöÇΓöÇΓò»[0m

[31m[UNRESOLVED_IMPORT] Error:[0m Could not resolve './Scholarships.module.css' in 
src/pages/public/admissions/sections/Scholarships.jsx
   [38;5;246mΓò¡[0m[38;5;246mΓöÇ[0m[38;5;246m[[0m src/pages/public/admissions/sections/Scholarships.jsx:6:20 
[38;5;246m][0m
   [38;5;246mΓöé[0m
 [38;5;246m6 Γöé[0m 
[38;5;249mi[0m[38;5;249mm[0m[38;5;249mp[0m[38;5;249mo[0m[38;5;249mr[0m[38;5;249mt[0m[38;5;249m 
[0m[38;5;249ms[0m[38;5;249mt[0m[38;5;249my[0m[38;5;249ml[0m[38;5;249me[0m[38;5;249ms[0m[38;5;249m 
[0m[38;5;249mf[0m[38;5;249mr[0m[38;5;249mo[0m[38;5;249mm[0m[38;5;249m 
[0m"./Scholarships.module.css"[38;5;249m;[0m
 [38;5;240m  Γöé[0m                    
ΓöÇΓöÇΓöÇΓöÇΓöÇΓöÇΓöÇΓöÇΓöÇΓöÇΓöÇΓöÇΓöÇΓö¼ΓöÇΓöÇΓöÇΓöÇΓöÇΓöÇΓöÇΓöÇΓöÇΓöÇΓöÇΓöÇΓöÇ  
 [38;5;240m  Γöé[0m                                 Γò░ΓöÇΓöÇΓöÇΓöÇΓöÇΓöÇΓöÇΓöÇΓöÇΓöÇΓöÇΓöÇΓöÇΓöÇΓöÇ Module not 
found.
 [38;5;240m  Γöé[0m 
 [38;5;240m  Γöé[0m [38;5;115mHelp[0m: 'src/pages/public/admissions/sections/Scholarships.jsx' is imported by the 
following path:
 [38;5;240m  Γöé[0m         - src/pages/public/admissions/sections/Scholarships.jsx
 [38;5;240m  Γöé[0m         - src/pages/public/admissions/AdmissionsPage.jsx
 [38;5;240m  Γöé[0m         - src/routes/AppRouter.jsx
 [38;5;240m  Γöé[0m         - src/main.jsx
 [38;5;240m  Γöé[0m         - index.html
[38;5;246mΓöÇΓöÇΓöÇΓò»[0m

[31m[UNRESOLVED_IMPORT] Error:[0m Could not resolve '../../assets/images/tools/cairo3-large.jpg' in 
src/pages/auth/RegisterPage.jsx
   [38;5;246mΓò¡[0m[38;5;246mΓöÇ[0m[38;5;246m[[0m src/pages/auth/RegisterPage.jsx:9:21 [38;5;246m][0m
   [38;5;246mΓöé[0m
 [38;5;246m9 Γöé[0m 
[38;5;249mi[0m[38;5;249mm[0m[38;5;249mp[0m[38;5;249mo[0m[38;5;249mr[0m[38;5;249mt[0m[38;5;249m [0m[38;5;
249mc[0m[38;5;249ma[0m[38;5;249mi[0m[38;5;249mr[0m[38;5;249mo[0m[38;5;249mB[0m[38;5;249mg[0m[38;5;249m 
[0m[38;5;249mf[0m[38;5;249mr[0m[38;5;249mo[0m[38;5;249mm[0m[38;5;249m 
[0m"../../assets/images/tools/cairo3-large.jpg"[38;5;249m;[0m
 [38;5;240m  Γöé[0m                     ΓöÇΓöÇΓöÇΓöÇΓöÇΓöÇΓöÇΓöÇΓöÇΓöÇΓöÇΓöÇΓöÇΓöÇΓöÇΓöÇΓöÇΓöÇΓöÇΓöÇΓöÇΓöÇΓö¼ΓöÇΓöÇΓö
ÇΓöÇΓöÇΓöÇΓöÇΓöÇΓöÇΓöÇΓöÇΓöÇΓöÇΓöÇΓöÇΓöÇΓöÇΓöÇΓöÇΓöÇΓöÇ  
 [38;5;240m  Γöé[0m                                           
Γò░ΓöÇΓöÇΓöÇΓöÇΓöÇΓöÇΓöÇΓöÇΓöÇΓöÇΓöÇΓöÇΓöÇΓöÇΓöÇΓöÇΓöÇΓöÇΓöÇΓöÇΓöÇΓöÇΓöÇ Module not found.
 [38;5;240m  Γöé[0m 
 [38;5;240m  Γöé[0m [38;5;115mHelp[0m: 'src/pages/auth/RegisterPage.jsx' is imported by the following path:
 [38;5;240m  Γöé[0m         - src/pages/auth/RegisterPage.jsx
 [38;5;240m  Γöé[0m         - src/routes/AppRouter.jsx
 [38;5;240m  Γöé[0m         - src/main.jsx
 [38;5;240m  Γöé[0m         - index.html
[38;5;246mΓöÇΓöÇΓöÇΓò»[0m

...[31m
    at aggregateBindingErrorsIntoJsError 
(file:///C:/Users/asus/Desktop/Projects/MIU-Guide/client/node_modules/rolldown/dist/shared/error-DAA7ncC5.mjs:48:18)
    at unwrapBindingResult 
(file:///C:/Users/asus/Desktop/Projects/MIU-Guide/client/node_modules/rolldown/dist/shared/error-DAA7ncC5.mjs:18:128)
    at #build (file:///C:/Users/asus/Desktop/Projects/MIU-Guide/client/node_modules/rolldown/dist/shared/rolldown-build
-BPKCFYpX.mjs:3317:34)
    at async buildEnvironment 
(file:///C:/Users/asus/Desktop/Projects/MIU-Guide/client/node_modules/vite/dist/node/chunks/node.js:32999:64)
    at async Object.build 
(file:///C:/Users/asus/Desktop/Projects/MIU-Guide/client/node_modules/vite/dist/node/chunks/node.js:33421:19)
    at async Object.buildApp 
(file:///C:/Users/asus/Desktop/Projects/MIU-Guide/client/node_modules/vite/dist/node/chunks/node.js:33418:153)
    at async CAC.<anonymous> 
(file:///C:/Users/asus/Desktop/Projects/MIU-Guide/client/node_modules/vite/dist/node/cli.js:778:3) {
  errors: [Getter/Setter]
}[39m
