
> client@0.0.0 build
> vite build

[36mvite v8.0.9 [32mbuilding client environment for production...[36m[39m
[2Ktransforming...✓ 591 modules transformed.
rendering chunks...
computing gzip size...
dist/index.html                                    0.64 kB │ gzip:   0.36 kB
dist/assets/about-BjgOYavN.webp                   22.13 kB
dist/assets/attendance-tracker-B2-QOVUs.webp      30.76 kB
dist/assets/gpa-CtfeJ_AW.webp                     31.65 kB
dist/assets/campus-y-lcBcvW.webp                  51.43 kB
dist/assets/Tcampus-DK7IxK__.glb              59,032.28 kB
dist/assets/Discover-MIU1-BZ5f8yOn.mp4        69,275.27 kB
dist/assets/LoginPage-QFoTHJ2w.css                 1.49 kB │ gzip:   0.62 kB
dist/assets/PortalLayout-Dav1eKts.css              5.73 kB │ gzip:   1.42 kB
dist/assets/AboutPage-GtKcX5-e.css                 6.33 kB │ gzip:   1.23 kB
dist/assets/AcademicsPage-Cwf09Gt9.css             6.52 kB │ gzip:   1.35 kB
dist/assets/index-BXwI-HXF.css                    48.03 kB │ gzip:   9.28 kB
dist/assets/CampusPage-22j2bUCG.js                 0.00 kB │ gzip:   0.02 kB
dist/assets/CampusPage-Bh6ggwyR.js                 0.00 kB │ gzip:   0.02 kB
dist/assets/AdmissionsPage-n0wCoJoV.js             0.13 kB │ gzip:   0.14 kB
dist/assets/AttendancePage-BLSoyOhl.js             0.13 kB │ gzip:   0.14 kB
dist/assets/CalendarPage-CU9YQldv.js               0.13 kB │ gzip:   0.14 kB
dist/assets/ContactPage-D169O1dE.js                0.13 kB │ gzip:   0.14 kB
dist/assets/DashboardPage-CKDi6c92.js              0.13 kB │ gzip:   0.14 kB
dist/assets/ExamsPage-BE9AFTkE.js                  0.13 kB │ gzip:   0.14 kB
dist/assets/FacultyPage-Dw0c3zK5.js                0.13 kB │ gzip:   0.14 kB
dist/assets/GpaPage-ijyg1XpP.js                    0.13 kB │ gzip:   0.14 kB
dist/assets/NewsPage--PB4Pr5q.js                   0.13 kB │ gzip:   0.14 kB
dist/assets/SchedulePage-C-AnD8Qh.js               0.13 kB │ gzip:   0.14 kB
dist/assets/StudentLifePage-BeOUXUwS.js            0.13 kB │ gzip:   0.14 kB
dist/assets/PrivateRoute-DZY6mmPs.js               0.26 kB │ gzip:   0.21 kB
dist/assets/NotFoundPage-BWNQ_NDZ.js               0.58 kB │ gzip:   0.37 kB
dist/assets/ErrorPage-Cx6F-KBc.js                  0.83 kB │ gzip:   0.52 kB
dist/assets/jsx-runtime-DBS2Xqfh.js                1.19 kB │ gzip:   0.65 kB
dist/assets/LoginPage-BSYn1Kqs.js                  3.64 kB │ gzip:   1.68 kB
dist/assets/RegisterPage-Bn2SpNuE.js               4.82 kB │ gzip:   2.00 kB
dist/assets/react-CI00VPhR.js                      7.52 kB │ gzip:   2.88 kB
dist/assets/PortalLayout-BPWMssGI.js               8.97 kB │ gzip:   2.55 kB
dist/assets/AboutPage-DBSl8-kL.js                 10.59 kB │ gzip:   3.09 kB
dist/assets/AcademicsPage-DKAQ2LNB.js             13.39 kB │ gzip:   3.52 kB
dist/assets/validators-DHeZzcSs.js                39.23 kB │ gzip:  15.56 kB
dist/assets/index-70_rO_Ur.js                    470.56 kB │ gzip: 148.79 kB

\n[31m✗[39m Build failed in 2.10s
[31merror during build:
[31mBuild failed with 1 error:

Error: [vite]: Rolldown failed to resolve import "react-icons/fi" from "C:/Users/asus/Desktop/Projects/MIU-Guide/client/src/pages/public/home/sections/AboutStrip.jsx".
This is most likely unintended because it can break your application at runtime.
If you do want to externalize this module explicitly add it to
`build.rollupOptions.external`
    at viteLog (file:///C:/Users/asus/Desktop/Projects/MIU-Guide/client/node_modules/vite/dist/node/chunks/node.js:33092:57)
    at file:///C:/Users/asus/Desktop/Projects/MIU-Guide/client/node_modules/vite/dist/node/chunks/node.js:33128:71
    at onwarn (file:///C:/Users/asus/Desktop/Projects/MIU-Guide/client/node_modules/@vitejs/plugin-react/dist/index.js:40:7)
    at file:///C:/Users/asus/Desktop/Projects/MIU-Guide/client/node_modules/vite/dist/node/chunks/node.js:33128:28
    at onRollupLog (file:///C:/Users/asus/Desktop/Projects/MIU-Guide/client/node_modules/vite/dist/node/chunks/node.js:33123:63)
    at onLog (file:///C:/Users/asus/Desktop/Projects/MIU-Guide/client/node_modules/vite/dist/node/chunks/node.js:32892:4)
    at file:///C:/Users/asus/Desktop/Projects/MIU-Guide/client/node_modules/rolldown/dist/shared/rolldown-build-BPKCFYpX.mjs:50:26
    at logger (file:///C:/Users/asus/Desktop/Projects/MIU-Guide/client/node_modules/rolldown/dist/shared/rolldown-build-BPKCFYpX.mjs:41:3)
    at onLog (file:///C:/Users/asus/Desktop/Projects/MIU-Guide/client/node_modules/rolldown/dist/shared/bindingify-input-options-aPVaxNxQ.mjs:1991:32)[31m
    at aggregateBindingErrorsIntoJsError (file:///C:/Users/asus/Desktop/Projects/MIU-Guide/client/node_modules/rolldown/dist/shared/error-DAA7ncC5.mjs:48:18)
    at unwrapBindingResult (file:///C:/Users/asus/Desktop/Projects/MIU-Guide/client/node_modules/rolldown/dist/shared/error-DAA7ncC5.mjs:18:128)
    at #build (file:///C:/Users/asus/Desktop/Projects/MIU-Guide/client/node_modules/rolldown/dist/shared/rolldown-build-BPKCFYpX.mjs:3317:34)
    at async buildEnvironment (file:///C:/Users/asus/Desktop/Projects/MIU-Guide/client/node_modules/vite/dist/node/chunks/node.js:32999:64)
    at async Object.build (file:///C:/Users/asus/Desktop/Projects/MIU-Guide/client/node_modules/vite/dist/node/chunks/node.js:33421:19)
    at async Object.buildApp (file:///C:/Users/asus/Desktop/Projects/MIU-Guide/client/node_modules/vite/dist/node/chunks/node.js:33418:153)
    at async CAC.<anonymous> (file:///C:/Users/asus/Desktop/Projects/MIU-Guide/client/node_modules/vite/dist/node/cli.js:778:3) {
  errors: [Getter/Setter]
}[39m
