﻿
> client@0.0.0 build
> vite build

[36mvite v8.0.9 [32mbuilding client environment for production...[36m[39m
[2K
transforming...Γ£ô 609 modules transformed.
node.exe : [31mΓ£ù[39m Build failed in 798ms
At line:1 char:1
+ & "C:\Program Files\nodejs/node.exe" "C:\Program Files\nodejs/node_mo ...
+ ~~~~~~~~~~~~~~~~~~~~~~~~~~~~~~~~~~~~~~~~~~~~~~~~~~~~~~~~~~~~~~~~~~~~~
    + CategoryInfo          : NotSpecified: ([31mΓ£ù[39m Build failed in 798ms:String) [], RemoteException
    + FullyQualifiedErrorId : NativeCommandError
 
[31merror during build:
[31mBuild failed with 1 error:

[plugin vite:css] C:/Users/Dell/Desktop/MIU-Guide/client/src/pages/public/admissions/AdmissionsPage.module.css:25:2
CssSyntaxError: [postcss] 
C:/Users/Dell/Desktop/MIU-Guide/client/src/pages/public/admissions/AdmissionsPage.module.css:25:3: Unexpected }
    at Input.error (C:\Users\Dell\Desktop\MIU-Guide\client\node_modules\postcss\lib\input.js:135:16)
    at Parser.unexpectedClose (C:\Users\Dell\Desktop\MIU-Guide\client\node_modules\postcss\lib\parser.js:587:22)
    at Parser.end (C:\Users\Dell\Desktop\MIU-Guide\client\node_modules\postcss\lib\parser.js:330:12)
    at Parser.parse (C:\Users\Dell\Desktop\MIU-Guide\client\node_modules\postcss\lib\parser.js:456:16)
    at parse (C:\Users\Dell\Desktop\MIU-Guide\client\node_modules\postcss\lib\parse.js:11:12)
    at new LazyResult (C:\Users\Dell\Desktop\MIU-Guide\client\node_modules\postcss\lib\lazy-result.js:165:16)
    at Processor.process (C:\Users\Dell\Desktop\MIU-Guide\client\node_modules\postcss\lib\processor.js:53:14)
    at runPostCSS (file:///C:/Users/Dell/Desktop/MIU-Guide/client/node_modules/vite/dist/node/chunks/node.js:21024:66)
    at async compilePostCSS 
(file:///C:/Users/Dell/Desktop/MIU-Guide/client/node_modules/vite/dist/node/chunks/node.js:21008:6)
    at async compileCSS 
(file:///C:/Users/Dell/Desktop/MIU-Guide/client/node_modules/vite/dist/node/chunks/node.js:20938:26)[31m
    at aggregateBindingErrorsIntoJsError 
(file:///C:/Users/Dell/Desktop/MIU-Guide/client/node_modules/rolldown/dist/shared/error-DAA7ncC5.mjs:48:18)
    at unwrapBindingResult 
(file:///C:/Users/Dell/Desktop/MIU-Guide/client/node_modules/rolldown/dist/shared/error-DAA7ncC5.mjs:18:128)
    at #build 
(file:///C:/Users/Dell/Desktop/MIU-Guide/client/node_modules/rolldown/dist/shared/rolldown-build-BPKCFYpX.mjs:3317:34)
    at async buildEnvironment 
(file:///C:/Users/Dell/Desktop/MIU-Guide/client/node_modules/vite/dist/node/chunks/node.js:32999:64)
    at async Object.build 
(file:///C:/Users/Dell/Desktop/MIU-Guide/client/node_modules/vite/dist/node/chunks/node.js:33421:19)
    at async Object.buildApp 
(file:///C:/Users/Dell/Desktop/MIU-Guide/client/node_modules/vite/dist/node/chunks/node.js:33418:153)
    at async CAC.<anonymous> (file:///C:/Users/Dell/Desktop/MIU-Guide/client/node_modules/vite/dist/node/cli.js:778:3) 
{
  errors: [Getter/Setter]
}[39m
